choix 2012-2022 (102 s)
verification 2023 - sept. 2026 (153 s)
descriptif (175 s)
Vague 6 : un seul compte a la fois, gains nets par mois du calendrier (retraits x part du trader - prix), chaque trade au niveau d'aujourd'hui de son jour d'entree, comptes gardes tant qu'ils vivent, regle d'activite de DayTraders ; filtre simule rho 0.24, 10 tirages ; 2x des 4,000 $ de coussin. Donnees jusqu'au 2026-09-25.

=== choix 2012-2022 | filtre aussi bon qu'en 2026 (simule) (classement du choix)
candidate | moyenne par mois | mois avec un retrait | achats par an | selon le depart (min - max) | pires 12 mois de suite (mediane / pire) | par annee : moyenne par mois
LucidFlex zone + A3, challenge 3x, finance 2x | +630 $ | 46% | 2.2 | +443 a +935 $ | -700 / -840 $ | 2012 +546, 2013 +338, 2014 +324, 2015 +121, 2016 -15, 2017 +312, 2018 +1,285, 2019 +1,019, 2020 +1,011, 2021 +741, 2022 +1,250
LucidFlex zone + A3, challenge 2x, finance 2x | +617 $ | 45% | 1.8 | +416 a +944 $ | -770 / -980 $ | 2012 +552, 2013 +331, 2014 +338, 2015 +120, 2016 -38, 2017 +327, 2018 +1,231, 2019 +1,025, 2020 +919, 2021 +724, 2022 +1,254
LucidFlex zone + A3, challenge 1x, finance 2x | +567 $ | 38% | 1.2 | +356 a +898 $ | -420 / -560 $ | 2012 +332, 2013 +172, 2014 +237, 2015 +63, 2016 -14, 2017 +250, 2018 +1,173, 2019 +1,106, 2020 +904, 2021 +750, 2022 +1,268
Topstep zone + A3, challenge 3x, finance 2x | +559 $ | 44% | 2.4 | +399 a +917 $ | -475 / -984 $ | 2012 +544, 2013 +360, 2014 +355, 2015 +161, 2016 -16, 2017 +330, 2018 +1,234, 2019 +711, 2020 +633, 2021 +627, 2022 +1,205
Topstep zone + A3, challenge 2x, finance 2x | +557 $ | 44% | 1.7 | +394 a +916 $ | -713 / -986 $ | 2012 +544, 2013 +357, 2014 +337, 2015 +191, 2016 -41, 2017 +273, 2018 +1,210, 2019 +729, 2020 +645, 2021 +621, 2022 +1,259
LucidFlex zone + A3, challenge 3x, finance 1x | +507 $ | 42% | 2.5 | +362 a +634 $ | -700 / -840 $ | 2012 +546, 2013 +338, 2014 +325, 2015 +121, 2016 -15, 2017 +312, 2018 +1,278, 2019 +626, 2020 +677, 2021 +350, 2022 +1,025
LucidFlex zone + A3, challenge 2x, finance 1x | +491 $ | 41% | 2.2 | +390 a +616 $ | -770 / -980 $ | 2012 +552, 2013 +331, 2014 +338, 2015 +120, 2016 -38, 2017 +327, 2018 +1,201, 2019 +691, 2020 +601, 2021 +329, 2022 +950
Topstep zone + A3, challenge 2x, finance 1x | +479 $ | 42% | 2.0 | +378 a +625 $ | -713 / -986 $ | 2012 +544, 2013 +357, 2014 +337, 2015 +191, 2016 -41, 2017 +273, 2018 +1,182, 2019 +556, 2020 +469, 2021 +259, 2022 +1,138
Topstep zone + A3, challenge 3x, finance 1x | +477 $ | 42% | 2.9 | +354 a +634 $ | -475 / -984 $ | 2012 +544, 2013 +360, 2014 +356, 2015 +164, 2016 -16, 2017 +330, 2018 +1,195, 2019 +524, 2020 +446, 2021 +193, 2022 +1,148
Topstep zone + A3, challenge 1x, finance 2x | +471 $ | 37% | 1.2 | +332 a +845 $ | -788 / -888 $ | 2012 +353, 2013 +180, 2014 +294, 2015 +40, 2016 -46, 2017 +203, 2018 +1,261, 2019 +831, 2020 +642, 2021 +604, 2022 +819
FundedNext Legacy zone + A3, challenge 3x, finance 2x | +467 $ | 40% | 1.9 | +398 a +572 $ | -748 / -1,400 $ | 2012 +487, 2013 +347, 2014 +309, 2015 +60, 2016 -19, 2017 +220, 2018 +1,289, 2019 +692, 2020 +506, 2021 +328, 2022 +918
FundedNext Legacy zone + A3, challenge 2x, finance 2x | +458 $ | 39% | 1.7 | +363 a +570 $ | -600 / -1,600 $ | 2012 +463, 2013 +332, 2014 +306, 2015 +63, 2016 -23, 2017 +259, 2018 +1,223, 2019 +694, 2020 +509, 2021 +296, 2022 +913
FundedNext Legacy zone + A3, challenge 3x, finance 1x | +447 $ | 39% | 1.9 | +357 a +572 $ | -748 / -1,400 $ | 2012 +487, 2013 +347, 2014 +309, 2015 +60, 2016 -19, 2017 +220, 2018 +1,226, 2019 +520, 2020 +587, 2021 +309, 2022 +868
FundedNext Legacy zone + A3, challenge 2x, finance 1x | +441 $ | 39% | 1.7 | +351 a +570 $ | -600 / -1,600 $ | 2012 +463, 2013 +332, 2014 +306, 2015 +63, 2016 -23, 2017 +259, 2018 +1,159, 2019 +516, 2020 +608, 2021 +303, 2022 +865
Static E4, challenge 3x, finance 2x | +407 $ | 24% | 3.0 | +301 a +535 $ | -685 / -870 $ | 2012 +289, 2013 +96, 2014 +333, 2015 +122, 2016 -35, 2017 +20, 2018 +643, 2019 +526, 2020 +732, 2021 +832, 2022 +925
Static E4, challenge 2x, finance 2x | +407 $ | 23% | 2.2 | +291 a +529 $ | -565 / -700 $ | 2012 +287, 2013 +103, 2014 +317, 2015 +128, 2016 -4, 2017 +24, 2018 +613, 2019 +527, 2020 +707, 2021 +832, 2022 +942
LucidFlex zone + A3, challenge 1x, finance 1x | +406 $ | 33% | 1.5 | +260 a +543 $ | -420 / -560 $ | 2012 +332, 2013 +172, 2014 +237, 2015 +63, 2016 -14, 2017 +250, 2018 +1,137, 2019 +668, 2020 +479, 2021 +261, 2022 +878
FundedNext Legacy zone + A3, challenge 1x, finance 2x | +393 $ | 33% | 1.3 | +211 a +557 $ | -600 / -600 $ | 2012 +341, 2013 +245, 2014 +241, 2015 +41, 2016 -9, 2017 +202, 2018 +1,073, 2019 +644, 2020 +372, 2021 +272, 2022 +897
Topstep zone + A3, challenge 1x, finance 1x | +386 $ | 35% | 1.4 | +214 a +540 $ | -788 / -888 $ | 2012 +353, 2013 +180, 2014 +294, 2015 +40, 2016 -46, 2017 +203, 2018 +1,234, 2019 +581, 2020 +326, 2021 +283, 2022 +794
FundedNext Legacy zone + A3, challenge 1x, finance 1x | +385 $ | 33% | 1.2 | +211 a +537 $ | -600 / -600 $ | 2012 +341, 2013 +245, 2014 +241, 2015 +41, 2016 -9, 2017 +202, 2018 +1,004, 2019 +514, 2020 +510, 2021 +285, 2022 +862
S2L E4, challenge 2x, finance 1x, reserve 2,000 $ | +304 $ | 30% | 1.9 | +131 a +448 $ | -1,946 / -2,977 $ | 2012 +106, 2013 +436, 2014 +488, 2015 +161, 2016 -18, 2017 +113, 2018 +729, 2019 +283, 2020 -36, 2021 +406, 2022 +675
S2L E4, challenge 2x, finance 2x, reserve 2,000 $ | +304 $ | 30% | 1.9 | +131 a +448 $ | -1,946 / -2,977 $ | 2012 +106, 2013 +436, 2014 +488, 2015 +161, 2016 -18, 2017 +113, 2018 +729, 2019 +283, 2020 -36, 2021 +406, 2022 +675
Static E4, challenge 1x, finance 2x | +298 $ | 18% | 2.2 | +200 a +485 $ | -395 / -540 $ | 2012 +210, 2013 +13, 2014 +66, 2015 +20, 2016 -14, 2017 -2, 2018 +320, 2019 +445, 2020 +536, 2021 +766, 2022 +920
S2L E4, challenge 3x, finance 1x, reserve 2,000 $ | +291 $ | 30% | 2.4 | +101 a +439 $ | -2,061 / -4,580 $ | 2012 +115, 2013 +421, 2014 +462, 2015 +96, 2016 -7, 2017 +139, 2018 +869, 2019 +258, 2020 -55, 2021 +272, 2022 +632
S2L E4, challenge 3x, finance 2x, reserve 2,000 $ | +291 $ | 30% | 2.4 | +101 a +439 $ | -2,061 / -4,580 $ | 2012 +115, 2013 +421, 2014 +462, 2015 +96, 2016 -7, 2017 +139, 2018 +869, 2019 +258, 2020 -55, 2021 +272, 2022 +632
S2L E4, challenge 1x, finance 1x, reserve 2,000 $ | +277 $ | 28% | 1.6 | +133 a +421 $ | -1,374 / -1,832 $ | 2012 +162, 2013 +490, 2014 +488, 2015 +187, 2016 +3, 2017 -5, 2018 +413, 2019 +244, 2020 +8, 2021 +408, 2022 +648
S2L E4, challenge 1x, finance 2x, reserve 2,000 $ | +277 $ | 28% | 1.6 | +133 a +421 $ | -1,374 / -1,832 $ | 2012 +162, 2013 +490, 2014 +488, 2015 +187, 2016 +3, 2017 -5, 2018 +413, 2019 +244, 2020 +8, 2021 +408, 2022 +648
Static E4, challenge 2x, finance 1x | +260 $ | 18% | 3.3 | +221 a +368 $ | -570 / -700 $ | 2012 +315, 2013 +102, 2014 +3, 2015 -19, 2016 -25, 2017 +24, 2018 +500, 2019 +170, 2020 +611, 2021 +454, 2022 +729
Static E4, challenge 3x, finance 1x | +254 $ | 18% | 4.6 | +179 a +385 $ | -710 / -870 $ | 2012 +309, 2013 +99, 2014 +11, 2015 -26, 2016 -40, 2017 +20, 2018 +443, 2019 +156, 2020 +634, 2021 +434, 2022 +750
Static E4, challenge 1x, finance 1x | +193 $ | 14% | 2.6 | +130 a +322 $ | -395 / -540 $ | 2012 +205, 2013 +13, 2014 +14, 2015 -15, 2016 -15, 2017 -2, 2018 +239, 2019 +178, 2020 +402, 2021 +492, 2022 +612
S2L E4, challenge 2x, finance 1x, reserve 1,000 $ | +185 $ | 21% | 2.9 | +102 a +331 $ | -2,634 / -3,206 $ | 2012 +156, 2013 +365, 2014 +366, 2015 -95, 2016 -68, 2017 +65, 2018 +313, 2019 +33, 2020 -134, 2021 +433, 2022 +601
S2L E4, challenge 2x, finance 2x, reserve 1,000 $ | +185 $ | 21% | 2.9 | +102 a +331 $ | -2,634 / -3,206 $ | 2012 +156, 2013 +365, 2014 +366, 2015 -95, 2016 -68, 2017 +65, 2018 +313, 2019 +33, 2020 -134, 2021 +433, 2022 +601
S2L E4, challenge 1x, finance 1x, reserve 1,000 $ | +177 $ | 19% | 2.3 | +130 a +264 $ | -1,603 / -1,832 $ | 2012 +222, 2013 +401, 2014 +369, 2015 -52, 2016 -46, 2017 -97, 2018 +112, 2019 +40, 2020 -67, 2021 +475, 2022 +593
S2L E4, challenge 1x, finance 2x, reserve 1,000 $ | +177 $ | 19% | 2.3 | +130 a +264 $ | -1,603 / -1,832 $ | 2012 +222, 2013 +401, 2014 +369, 2015 -52, 2016 -46, 2017 -97, 2018 +112, 2019 +40, 2020 -67, 2021 +475, 2022 +593
S2L E4, challenge 3x, finance 1x, reserve 1,000 $ | +137 $ | 19% | 4.0 | +36 a +283 $ | -3,337 / -4,809 $ | 2012 +157, 2013 +362, 2014 +307, 2015 -240, 2016 -57, 2017 +132, 2018 +143, 2019 +13, 2020 -126, 2021 +284, 2022 +531
S2L E4, challenge 3x, finance 2x, reserve 1,000 $ | +137 $ | 19% | 4.0 | +36 a +283 $ | -3,337 / -4,809 $ | 2012 +157, 2013 +362, 2014 +307, 2015 -240, 2016 -57, 2017 +132, 2018 +143, 2019 +13, 2020 -126, 2021 +284, 2022 +531
S2L E4, challenge 1x, finance 1x, reserve 0 $ | +69 $ | 12% | 3.0 | +26 a +162 $ | -1,374 / -2,061 $ | 2012 +152, 2013 +120, 2014 +137, 2015 -47, 2016 -46, 2017 -97, 2018 +50, 2019 +0, 2020 -29, 2021 +272, 2022 +253
S2L E4, challenge 1x, finance 2x, reserve 0 $ | +69 $ | 12% | 3.0 | +26 a +162 $ | -1,374 / -2,061 $ | 2012 +152, 2013 +120, 2014 +137, 2015 -47, 2016 -46, 2017 -97, 2018 +50, 2019 +0, 2020 -29, 2021 +272, 2022 +253
S2L E4, challenge 2x, finance 1x, reserve 0 $ | +61 $ | 14% | 4.1 | -7 a +117 $ | -2,681 / -3,435 $ | 2012 +97, 2013 +192, 2014 +156, 2015 -92, 2016 -80, 2017 +40, 2018 +68, 2019 -20, 2020 -129, 2021 +175, 2022 +259
S2L E4, challenge 2x, finance 2x, reserve 0 $ | +61 $ | 14% | 4.1 | -7 a +117 $ | -2,681 / -3,435 $ | 2012 +97, 2013 +192, 2014 +156, 2015 -92, 2016 -80, 2017 +40, 2018 +68, 2019 -20, 2020 -129, 2021 +175, 2022 +259
S2L E4, challenge 3x, finance 1x, reserve 0 $ | +48 $ | 14% | 5.2 | -41 a +114 $ | -3,351 / -4,809 $ | 2012 +106, 2013 +141, 2014 +120, 2015 -233, 2016 -57, 2017 +185, 2018 +17, 2019 -14, 2020 -126, 2021 +144, 2022 +242
S2L E4, challenge 3x, finance 2x, reserve 0 $ | +48 $ | 14% | 5.2 | -41 a +114 $ | -3,351 / -4,809 $ | 2012 +106, 2013 +141, 2014 +120, 2015 -233, 2016 -57, 2017 +185, 2018 +17, 2019 -14, 2020 -126, 2021 +144, 2022 +242

=== verification 2023 - sept. 2026 | filtre aussi bon qu'en 2026 (simule) (classement du choix)
candidate | moyenne par mois | mois avec un retrait | achats par an | selon le depart (min - max) | pires 12 mois de suite (mediane / pire) | par annee : moyenne par mois
LucidFlex zone + A3, challenge 3x, finance 2x | +362 $ | 37% | 2.5 | +257 a +670 $ | -224 / -1,680 $ | 2023 +396, 2024 +579, 2025 +128, 2026 +341
LucidFlex zone + A3, challenge 2x, finance 2x | +370 $ | 37% | 1.6 | +278 a +670 $ | +0 / -1,120 $ | 2023 +388, 2024 +578, 2025 +155, 2026 +354
LucidFlex zone + A3, challenge 1x, finance 2x | +332 $ | 33% | 1.0 | +162 a +655 $ | -140 / -420 $ | 2023 +303, 2024 +483, 2025 +168, 2026 +389
Topstep zone + A3, challenge 3x, finance 2x | +391 $ | 42% | 2.8 | +260 a +561 $ | -436 / -986 $ | 2023 +386, 2024 +603, 2025 +157, 2026 +426
Topstep zone + A3, challenge 2x, finance 2x | +388 $ | 40% | 1.9 | +251 a +531 $ | -786 / -886 $ | 2023 +370, 2024 +600, 2025 +170, 2026 +419
LucidFlex zone + A3, challenge 3x, finance 1x | +365 $ | 37% | 2.5 | +257 a +674 $ | -224 / -1,680 $ | 2023 +396, 2024 +579, 2025 +140, 2026 +338
LucidFlex zone + A3, challenge 2x, finance 1x | +374 $ | 38% | 1.6 | +278 a +674 $ | +0 / -1,120 $ | 2023 +388, 2024 +578, 2025 +175, 2026 +352
Topstep zone + A3, challenge 2x, finance 1x | +392 $ | 41% | 1.9 | +251 a +535 $ | -786 / -886 $ | 2023 +370, 2024 +600, 2025 +197, 2026 +404
Topstep zone + A3, challenge 3x, finance 1x | +391 $ | 42% | 2.8 | +260 a +561 $ | -436 / -986 $ | 2023 +386, 2024 +603, 2025 +157, 2026 +426
Topstep zone + A3, challenge 1x, finance 2x | +328 $ | 37% | 1.1 | +121 a +494 $ | -786 / -835 $ | 2023 +297, 2024 +531, 2025 +156, 2026 +328
FundedNext Legacy zone + A3, challenge 3x, finance 2x | +345 $ | 37% | 1.8 | +161 a +621 $ | -600 / -2,600 $ | 2023 +302, 2024 +526, 2025 +248, 2026 +288
FundedNext Legacy zone + A3, challenge 2x, finance 2x | +350 $ | 37% | 1.2 | +165 a +621 $ | +0 / -1,400 $ | 2023 +301, 2024 +554, 2025 +254, 2026 +274
FundedNext Legacy zone + A3, challenge 3x, finance 1x | +346 $ | 37% | 1.8 | +161 a +634 $ | -600 / -2,600 $ | 2023 +302, 2024 +526, 2025 +251, 2026 +290
FundedNext Legacy zone + A3, challenge 2x, finance 1x | +352 $ | 37% | 1.2 | +165 a +634 $ | +0 / -1,400 $ | 2023 +301, 2024 +554, 2025 +259, 2026 +275
Static E4, challenge 3x, finance 2x | +398 $ | 24% | 4.2 | +107 a +538 $ | -635 / -1,020 $ | 2023 +295, 2024 +918, 2025 +285, 2026 -6
Static E4, challenge 2x, finance 2x | +392 $ | 23% | 3.1 | +60 a +519 $ | -530 / -690 $ | 2023 +264, 2024 +910, 2025 +290, 2026 +7
LucidFlex zone + A3, challenge 1x, finance 1x | +335 $ | 34% | 1.0 | +162 a +658 $ | -140 / -420 $ | 2023 +303, 2024 +483, 2025 +191, 2026 +372
FundedNext Legacy zone + A3, challenge 1x, finance 2x | +331 $ | 34% | 0.8 | +115 a +607 $ | +0 / -600 $ | 2023 +245, 2024 +560, 2025 +299, 2026 +184
Topstep zone + A3, challenge 1x, finance 1x | +329 $ | 37% | 1.1 | +121 a +494 $ | -786 / -835 $ | 2023 +297, 2024 +531, 2025 +156, 2026 +335
FundedNext Legacy zone + A3, challenge 1x, finance 1x | +331 $ | 35% | 0.8 | +115 a +606 $ | +0 / -600 $ | 2023 +245, 2024 +560, 2025 +301, 2026 +183
S2L E4, challenge 2x, finance 1x, reserve 2,000 $ | +290 $ | 36% | 1.7 | +74 a +515 $ | -1,030 / -1,832 $ | 2023 +104, 2024 +757, 2025 +189, 2026 +50
S2L E4, challenge 2x, finance 2x, reserve 2,000 $ | +290 $ | 36% | 1.7 | +74 a +515 $ | -1,030 / -1,832 $ | 2023 +104, 2024 +757, 2025 +189, 2026 +50
Static E4, challenge 1x, finance 2x | +368 $ | 21% | 2.0 | +108 a +511 $ | -280 / -450 $ | 2023 +185, 2024 +884, 2025 +313, 2026 -2
S2L E4, challenge 3x, finance 1x, reserve 2,000 $ | +286 $ | 36% | 2.2 | +90 a +518 $ | -1,374 / -2,519 $ | 2023 +112, 2024 +760, 2025 +184, 2026 +24
S2L E4, challenge 3x, finance 2x, reserve 2,000 $ | +286 $ | 36% | 2.2 | +90 a +518 $ | -1,374 / -2,519 $ | 2023 +112, 2024 +760, 2025 +184, 2026 +24
S2L E4, challenge 1x, finance 1x, reserve 2,000 $ | +303 $ | 36% | 1.3 | +59 a +530 $ | -687 / -1,145 $ | 2023 +139, 2024 +756, 2025 +210, 2026 +41
S2L E4, challenge 1x, finance 2x, reserve 2,000 $ | +303 $ | 36% | 1.3 | +59 a +530 $ | -687 / -1,145 $ | 2023 +139, 2024 +756, 2025 +210, 2026 +41
Static E4, challenge 2x, finance 1x | +254 $ | 19% | 3.7 | +105 a +392 $ | -530 / -720 $ | 2023 +291, 2024 +427, 2025 +229, 2026 +7
Static E4, challenge 3x, finance 1x | +262 $ | 19% | 4.8 | +100 a +396 $ | -650 / -1,020 $ | 2023 +325, 2024 +440, 2025 +224, 2026 -6
Static E4, challenge 1x, finance 1x | +184 $ | 14% | 2.6 | +65 a +298 $ | -320 / -450 $ | 2023 +225, 2024 +237, 2025 +233, 2026 -4
S2L E4, challenge 2x, finance 1x, reserve 1,000 $ | +239 $ | 34% | 3.2 | +93 a +351 $ | -2,061 / -2,977 $ | 2023 +164, 2024 +720, 2025 +18, 2026 -6
S2L E4, challenge 2x, finance 2x, reserve 1,000 $ | +239 $ | 34% | 3.2 | +93 a +351 $ | -2,061 / -2,977 $ | 2023 +164, 2024 +720, 2025 +18, 2026 -6
S2L E4, challenge 1x, finance 1x, reserve 1,000 $ | +262 $ | 33% | 2.1 | +78 a +373 $ | -1,145 / -1,374 $ | 2023 +200, 2024 +706, 2025 +91, 2026 -20
S2L E4, challenge 1x, finance 2x, reserve 1,000 $ | +262 $ | 33% | 2.1 | +78 a +373 $ | -1,145 / -1,374 $ | 2023 +200, 2024 +706, 2025 +91, 2026 -20
S2L E4, challenge 3x, finance 1x, reserve 1,000 $ | +225 $ | 34% | 4.2 | +110 a +330 $ | -2,290 / -3,893 $ | 2023 +169, 2024 +721, 2025 -5, 2026 -58
S2L E4, challenge 3x, finance 2x, reserve 1,000 $ | +225 $ | 34% | 4.2 | +110 a +330 $ | -2,290 / -3,893 $ | 2023 +169, 2024 +721, 2025 -5, 2026 -58
S2L E4, challenge 1x, finance 1x, reserve 0 $ | +57 $ | 12% | 2.8 | +6 a +146 $ | -916 / -1,145 $ | 2023 +177, 2024 +111, 2025 -52, 2026 -29
S2L E4, challenge 1x, finance 2x, reserve 0 $ | +57 $ | 12% | 2.8 | +6 a +146 $ | -916 / -1,145 $ | 2023 +177, 2024 +111, 2025 -52, 2026 -29
S2L E4, challenge 2x, finance 1x, reserve 0 $ | +46 $ | 13% | 4.2 | -14 a +142 $ | -2,290 / -2,748 $ | 2023 +146, 2024 +172, 2025 -134, 2026 -12
S2L E4, challenge 2x, finance 2x, reserve 0 $ | +46 $ | 13% | 4.2 | -14 a +142 $ | -2,290 / -2,748 $ | 2023 +146, 2024 +172, 2025 -134, 2026 -12
S2L E4, challenge 3x, finance 1x, reserve 0 $ | +37 $ | 13% | 5.1 | -88 a +208 $ | -2,404 / -3,893 $ | 2023 +133, 2024 +126, 2025 -72, 2026 -64
S2L E4, challenge 3x, finance 2x, reserve 0 $ | +37 $ | 13% | 5.1 | -88 a +208 $ | -2,404 / -3,893 $ | 2023 +133, 2024 +126, 2025 -72, 2026 -64

=== Decision
LucidFlex zone + A3, challenge 3x, finance 2x : choix +630 $ ; verification +362 $ contre +388 $ (vague 5) (non) ; chaque annee positive (oui) -> non validee
LucidFlex zone + A3, challenge 2x, finance 2x : choix +617 $ ; verification +370 $ contre +388 $ (vague 5) (non) ; chaque annee positive (oui) -> non validee
LucidFlex zone + A3, challenge 1x, finance 2x : choix +567 $ ; verification +332 $ contre +388 $ (vague 5) (non) ; chaque annee positive (oui) -> non validee
Topstep zone + A3, challenge 3x, finance 2x : choix +559 $ ; verification +391 $ contre +388 $ (vague 5) (oui) ; chaque annee positive (oui) -> VALIDEE
=> retenue : Topstep zone + A3, challenge 3x, finance 2x ; verification +391 $ par mois -> objectif de 500 $ PAS ATTEINT
Meilleure de chaque compte (choix) : Topstep zone + A3, challenge 3x, finance 2x ; LucidFlex zone + A3, challenge 3x, finance 2x ; FundedNext Legacy zone + A3, challenge 3x, finance 2x ; Static E4, challenge 3x, finance 2x ; S2L E4, challenge 2x, finance 1x, reserve 2,000 $

=== Descriptif : sans filtre, filtre inutile ; S2L avec une limite du jour definitive
candidate | scenario | fenetre | moyenne par mois | mois avec un retrait | achats par an | selon le depart (min - max) | pires 12 mois de suite (mediane / pire) | par annee : moyenne par mois
Topstep zone + A3, challenge 3x, finance 2x | sans filtre | choix 2012-2022 | +284 $ | 33% | 6.2 | +283 a +289 $ | -935 / -935 $ | 2012 +417, 2013 +252, 2014 +231, 2015 +84, 2016 -39, 2017 +128, 2018 +766, 2019 +142, 2020 +155, 2021 +88, 2022 +893
Topstep zone + A3, challenge 3x, finance 2x | sans filtre | verification 2023 - sept. 2026 | +152 $ | 26% | 4.9 | +135 a +180 $ | -835 / -835 $ | 2023 +309, 2024 +250, 2025 +29, 2026 -22
Topstep zone + A3, challenge 3x, finance 2x | filtre inutile (simule) | choix 2012-2022 | +223 $ | 29% | 4.4 | +99 a +461 $ | -909 / -1,082 $ | 2012 +251, 2013 +205, 2014 +163, 2015 +69, 2016 -50, 2017 +108, 2018 +588, 2019 +192, 2020 +229, 2021 +100, 2022 +600
Topstep zone + A3, challenge 3x, finance 2x | filtre inutile (simule) | verification 2023 - sept. 2026 | +164 $ | 28% | 4.6 | +65 a +336 $ | -884 / -1,035 $ | 2023 +227, 2024 +228, 2025 +28, 2026 +176
LucidFlex zone + A3, challenge 3x, finance 2x | sans filtre | choix 2012-2022 | +253 $ | 33% | 5.2 | +253 a +258 $ | -631 / -631 $ | 2012 +460, 2013 +190, 2014 +253, 2015 +40, 2016 -50, 2017 +51, 2018 +637, 2019 +159, 2020 +280, 2021 +192, 2022 +578
LucidFlex zone + A3, challenge 3x, finance 2x | sans filtre | verification 2023 - sept. 2026 | +134 $ | 29% | 8.7 | +112 a +172 $ | -1,399 / -1,399 $ | 2023 +327, 2024 +209, 2025 -54, 2026 +26
LucidFlex zone + A3, challenge 3x, finance 2x | filtre inutile (simule) | choix 2012-2022 | +231 $ | 28% | 4.9 | +126 a +292 $ | -1,512 / -2,100 $ | 2012 +253, 2013 +181, 2014 +137, 2015 +16, 2016 -70, 2017 +153, 2018 +698, 2019 +245, 2020 +294, 2021 +193, 2022 +442
LucidFlex zone + A3, challenge 3x, finance 2x | filtre inutile (simule) | verification 2023 - sept. 2026 | +144 $ | 25% | 5.0 | +79 a +314 $ | -1,191 / -2,520 $ | 2023 +213, 2024 +193, 2025 -6, 2026 +187
FundedNext Legacy zone + A3, challenge 3x, finance 2x | sans filtre | choix 2012-2022 | +150 $ | 28% | 6.2 | +150 a +154 $ | -1,800 / -1,800 $ | 2012 +263, 2013 +101, 2014 +181, 2015 -60, 2016 -150, 2017 +63, 2018 +697, 2019 +62, 2020 -11, 2021 +134, 2022 +368
FundedNext Legacy zone + A3, challenge 3x, finance 2x | sans filtre | verification 2023 - sept. 2026 | +84 $ | 28% | 6.6 | +73 a +116 $ | -2,600 / -2,600 $ | 2023 +216, 2024 +100, 2025 -104, 2026 +137
FundedNext Legacy zone + A3, challenge 3x, finance 2x | filtre inutile (simule) | choix 2012-2022 | +165 $ | 26% | 4.2 | +98 a +266 $ | -1,900 / -3,000 $ | 2012 +263, 2013 +134, 2014 +103, 2015 -39, 2016 -118, 2017 +81, 2018 +516, 2019 +147, 2020 +201, 2021 +129, 2022 +404
FundedNext Legacy zone + A3, challenge 3x, finance 2x | filtre inutile (simule) | verification 2023 - sept. 2026 | +108 $ | 24% | 4.2 | -29 a +250 $ | -1,600 / -3,200 $ | 2023 +143, 2024 +196, 2025 -29, 2026 +128
Static E4, challenge 3x, finance 2x | sans filtre | choix 2012-2022 | +384 $ | 21% | 1.9 | +384 a +390 $ | -680 / -680 $ | 2012 +190, 2013 +8, 2014 +375, 2015 +167, 2016 -33, 2017 +18, 2018 +833, 2019 +500, 2020 +833, 2021 +500, 2022 +833
Static E4, challenge 3x, finance 2x | sans filtre | verification 2023 - sept. 2026 | +310 $ | 19% | 5.2 | +279 a +351 $ | -740 / -740 $ | 2023 +213, 2024 +817, 2025 +172, 2026 -52
Static E4, challenge 3x, finance 2x | filtre inutile (simule) | choix 2012-2022 | +153 $ | 12% | 5.8 | +51 a +326 $ | -775 / -1,150 $ | 2012 +88, 2013 +33, 2014 +62, 2015 -41, 2016 -34, 2017 -26, 2018 +230, 2019 +189, 2020 +374, 2021 +375, 2022 +429
Static E4, challenge 3x, finance 2x | filtre inutile (simule) | verification 2023 - sept. 2026 | +181 $ | 13% | 5.3 | -33 a +388 $ | -665 / -950 $ | 2023 +137, 2024 +382, 2025 +173, 2026 -19
S2L E4, challenge 2x, finance 1x, reserve 2,000 $ | sans filtre | choix 2012-2022 | +177 $ | 19% | 2.5 | +178 a +180 $ | -2,519 / -2,519 $ | 2012 +314, 2013 +229, 2014 +164, 2015 -76, 2016 -114, 2017 -38, 2018 +952, 2019 +45, 2020 -114, 2021 +165, 2022 +417
S2L E4, challenge 2x, finance 1x, reserve 2,000 $ | sans filtre | verification 2023 - sept. 2026 | +81 $ | 22% | 6.2 | +73 a +105 $ | -3,435 / -3,435 $ | 2023 +3, 2024 +577, 2025 -83, 2026 -254
S2L E4, challenge 2x, finance 1x, reserve 2,000 $ | filtre inutile (simule) | choix 2012-2022 | +76 $ | 14% | 3.4 | -53 a +166 $ | -2,862 / -3,893 $ | 2012 +102, 2013 +201, 2014 +149, 2015 -55, 2016 -114, 2017 -38, 2018 +294, 2019 +52, 2020 -142, 2021 +170, 2022 +219
S2L E4, challenge 2x, finance 1x, reserve 2,000 $ | filtre inutile (simule) | verification 2023 - sept. 2026 | +64 $ | 16% | 3.9 | -102 a +175 $ | -2,061 / -3,893 $ | 2023 -13, 2024 +368, 2025 -24, 2026 -120
S2L E4, challenge 2x, finance 1x, reserve 2,000 $ | filtre aussi bon qu'en 2026 (simule) (S2L, limite du jour definitive) | choix 2012-2022 | -55 $ | 11% | 9.2 | -121 a +57 $ | -5,167 / -5,725 $ | 2012 +75, 2013 +245, 2014 +383, 2015 -221, 2016 -237, 2017 -19, 2018 -188, 2019 -122, 2020 -365, 2021 +169, 2022 -326
S2L E4, challenge 2x, finance 1x, reserve 2,000 $ | filtre aussi bon qu'en 2026 (simule) (S2L, limite du jour definitive) | verification 2023 - sept. 2026 | +25 $ | 23% | 8.8 | -223 a +181 $ | -4,466 / -4,809 $ | 2023 -24, 2024 +558, 2025 -230, 2026 -280
